// Jest Snapshot v1, https://goo.gl/fbAQLP

exports[`App renders 1`] = `
<h1>
  Hello from react
</h1>
`;
